// Jest Snapshot v1, https://goo.gl/fbAQLP

exports[`renders learn react link 1`] = `
<div
  className="App"
>
  <h1>
    BC Wildfires Summary
  </h1>
  <div>
    <label>
      Fire Status: 
    </label>
    <select
      disabled={false}
      id="fireStatus"
      name="fireStatus"
      onChange={[Function]}
      value=""
    >
      <option
        value=""
      >
        Please select
      </option>
      <option
        value="Out"
      >
        Out
      </option>
      <option
        value="Under Control"
      >
        Under Control
      </option>
    </select>
  </div>
  <div>
    <label>
      Fire Not Cause By: 
    </label>
    <select
      disabled={false}
      id="fireCause"
      name="fireCause"
      onChange={[Function]}
      value=""
    >
      <option
        value=""
      >
        Please select
      </option>
      <option
        value="Lightning"
      >
        Lightning
      </option>
      <option
        value="Person"
      >
        Person
      </option>
      <option
        value="Unknown"
      >
        Unknown
      </option>
    </select>
  </div>
  <div>
    <label>
      Geographic Description: 
    </label>
    <input
      disabled={false}
      id="geoDesc"
      name="geoDesc"
      onChange={[Function]}
      type="text"
      value=""
    />
  </div>
  <div>
    <button
      onClick={[Function]}
    >
      View all wildfires from 2023
    </button>
  </div>
  <div>
    <button
      disabled={false}
      onClick={[Function]}
    >
      View all wildfires from 2023 by fire status and fire cause
    </button>
  </div>
  <div>
    <button
      disabled={false}
      onClick={[Function]}
    >
      View all wildfires from 2023 by geogarphic description
    </button>
  </div>
  <div>
    <button
      onClick={[Function]}
    >
      Download into CSV or text file formats
    </button>
    <label>
      <input
        checked={true}
        name="csvOrTxt"
        onChange={[Function]}
        type="radio"
        value="csv"
      />
      Csv
    </label>
    <label>
      <input
        checked={false}
        name="csvOrTxt"
        onChange={[Function]}
        type="radio"
        value="txt"
      />
      Text
    </label>
  </div>
</div>
`;
