// Jest Snapshot v1, https://goo.gl/fbAQLP

exports[`renders learn react link 1`] = `
<div
  className="App"
>
  <h1>
    Current BC Wildfires Summary
  </h1>
  <p>
    B.C. experiences 1,600 wildfires per year, on average. While the majority of these fires are put out before they threaten people, homes and communities, it is important to be prepared, especially if living in an area prone to wildfire.  This website is to monitor the status of these wildfires and act accordingly.
  </p>
  <section>
    <h2>
      Please choose your filtering option
    </h2>
    <label>
      Fire Status: 
    </label>
    <select
      disabled={false}
      id="fireStatus"
      name="fireStatus"
      onChange={[Function]}
      value=""
    >
      <option
        value=""
      >
        Please select
      </option>
      <option
        value="Out"
      >
        Out
      </option>
      <option
        value="Under Control"
      >
        Under Control
      </option>
    </select>
     
    <label>
      Fire Not Cause By: 
    </label>
    <select
      disabled={false}
      id="fireCause"
      name="fireCause"
      onChange={[Function]}
      value=""
    >
      <option
        value=""
      >
        Please select
      </option>
      <option
        value="Lightning"
      >
        Lightning
      </option>
      <option
        value="Person"
      >
        Person
      </option>
      <option
        value="Unknown"
      >
        Unknown
      </option>
    </select>
     
    <label>
      Geographic Description: 
    </label>
    <input
      disabled={false}
      id="geoDesc"
      name="geoDesc"
      onChange={[Function]}
      type="text"
      value=""
    />
     
    <label>
      Year: 
    </label>
    <input
      disabled={true}
      id="year"
      name="year"
      onChange={[Function]}
      type="text"
      value={2023}
    />
  </section>
  <section>
    <h2>
      Please choose your view Options
    </h2>
    <button
      onClick={[Function]}
    >
      View all wildfires
    </button>
     
    <button
      disabled={false}
      onClick={[Function]}
    >
      View all wildfires by fire status and fire cause
    </button>
     
    <button
      disabled={false}
      onClick={[Function]}
    >
      View all wildfires by geogarphic description
    </button>
     
    <button
      onClick={[Function]}
    >
      Download into CSV or text file formats
    </button>
     
    <label>
      <input
        checked={true}
        name="csvOrTxt"
        onChange={[Function]}
        type="radio"
        value="csv"
      />
      Csv
    </label>
    <label>
      <input
        checked={false}
        name="csvOrTxt"
        onChange={[Function]}
        type="radio"
        value="txt"
      />
      Text
    </label>
  </section>
  <section />
</div>
`;
